  Determinando los proyectos que se van a restaurar...
  Todos los proyectos est├ín actualizados para la restauraci├│n.
  ZynstormECFPlatform.Common -> d:\Projects\ZynstormECFPlatform\ZynstormECFPlatform.Common\bin\Debug\net10.0\ZynstormECFPlatform.Common.dll
  ZynstormECFPlatform.Schemas -> d:\Projects\ZynstormECFPlatform\ZynstormECFPlatform.Schemas\bin\Debug\net10.0\ZynstormECFPlatform.Schemas.dll
d:\Projects\ZynstormECFPlatform\ZynstormECFPlatform.Core\Entities\EcfDocument.cs(63,6): error CS0579: Atributo 'XmlIgnore' duplicado [d:\Projects\ZynstormECFPlatform\ZynstormECFPlatform.Core\ZynstormECFPlatform.Core.csproj]

ERROR al compilar.

d:\Projects\ZynstormECFPlatform\ZynstormECFPlatform.Core\Entities\EcfDocument.cs(63,6): error CS0579: Atributo 'XmlIgnore' duplicado [d:\Projects\ZynstormECFPlatform\ZynstormECFPlatform.Core\ZynstormECFPlatform.Core.csproj]
    0 Advertencia(s)
    1 Errores

Tiempo transcurrido 00:00:07.63
